43    1       3       java.lang.Object::<init> (1 bytes)
44    2     n 0       jdk.internal.misc.Unsafe::getReferenceVolatile (native)   
45    3       3       java.lang.String::coder (15 bytes)
47    4       3       java.lang.String::hashCode (60 bytes)
50    5 %     3       Bench::kernel @ 4 (50 bytes)
50    6       3       Bench::kernel (50 bytes)
50    7 %     4       Bench::kernel @ 4 (50 bytes)
53    5 %     3       Bench::kernel @ 4 (50 bytes)   made not entrant
53    8       4       Bench::kernel (50 bytes)
56    6       3       Bench::kernel (50 bytes)   made not entrant
71    9     n 0       java.lang.System::nanoTime (native)   (static)
116   10       3       java.lang.String::length (11 bytes)
118   11     n 0       java.lang.Object::hashCode (native)   
118   12     n 0       java.lang.invoke.MethodHandle::linkToStatic(LLLLLLL)L (native)   (static)
119   13     n 0       java.lang.invoke.MethodHandle::linkToStatic(IIL)I (native)   (static)
119   14     n 0       java.lang.Class::isPrimitive (native)   
119   15       3       java.util.concurrent.ConcurrentHashMap::tabAt (22 bytes)
119   17     n 0       jdk.internal.misc.Unsafe::compareAndSetLong (native)   
120   19     n 0       java.lang.invoke.MethodHandle::invokeBasic(LLLLLL)L (native)   
120   16       3       jdk.internal.misc.Unsafe::getReferenceAcquire (7 bytes)
120   20     n 0       java.lang.invoke.MethodHandle::linkToSpecial(LLLLLLLL)L (native)   (static)
120   18       3       java.util.concurrent.ConcurrentHashMap::spread (10 bytes)
120   21     n 0       java.lang.System::arraycopy (native)   (static)
120   22       3       java.lang.String::isLatin1 (19 bytes)
120   23       3       java.util.Objects::requireNonNull (14 bytes)
121   24       1       jdk.internal.util.StrongReferenceKey::get (5 bytes)
121   25     n 0       java.lang.invoke.MethodHandle::linkToSpecial(LIL)V (native)   (static)
121   26       1       java.lang.Enum::ordinal (5 bytes)
121   27     n 0       java.lang.invoke.MethodHandle::invokeBasic(I)L (native)   
121   28     n 0       java.lang.invoke.MethodHandle::linkToSpecial(LIL)L (native)   (static)
121   29     n 0       java.lang.invoke.MethodHandle::linkToStatic(IL)I (native)   (static)
122   30       1       java.lang.invoke.MethodType::returnType (5 bytes)
122   32     n 0       java.lang.invoke.MethodHandle::linkToSpecial(LL)V (native)   (static)
122   31       3       java.lang.ref.ReferenceQueue::headIsNull (13 bytes)
122   33       3       jdk.internal.util.ReferencedKeyMap::removeStaleReferences (30 bytes)
122   35     n 0       java.lang.invoke.MethodHandle::invokeBasic()L (native)   
122   36     n 0       java.lang.invoke.MethodHandle::linkToSpecial(LL)L (native)   (static)
122   34   !   3       java.lang.ref.NativeReferenceQueue::poll (28 bytes)
122   37       4       java.lang.Object::<init> (1 bytes)
122   38       3       java.lang.invoke.MethodTypeForm::canonicalize (74 bytes)
122    1       3       java.lang.Object::<init> (1 bytes)   made not entrant
122   39     n 0       jdk.internal.misc.Unsafe::compareAndSetReference (native)   
123   41     n 0       java.lang.Class::isArray (native)   
123   40       3       java.util.concurrent.ConcurrentHashMap::get (162 bytes)
123   42     n 0       java.lang.invoke.MethodHandle::linkToStatic(LLL)L (native)   (static)
123   44     n 0       java.lang.invoke.MethodHandle::linkToStatic(LLLL)L (native)   (static)
123   43       3       java.lang.invoke.MethodType::hashCode (53 bytes)
123   48     n 0       java.lang.Object::clone (native)   
123   45       3       jdk.internal.util.ReferencedKeyMap::lookupKey (9 bytes)
123   46       3       jdk.internal.util.StrongReferenceKey::<init> (10 bytes)
124   47       3       jdk.internal.util.StrongReferenceKey::hashCode (8 bytes)
124   49       3       jdk.internal.util.Preconditions::checkIndex (18 bytes)
124   50       3       java.lang.String::checkIndex (10 bytes)
125   51       3       java.lang.String::charAt (25 bytes)
125   52       3       java.lang.StringLatin1::charAt (15 bytes)
125   53       3       java.lang.Math::min (11 bytes)
125   54       1       java.lang.invoke.MethodType::ptypes (5 bytes)
126   55     n 0       java.lang.invoke.MethodHandle::linkToStatic(IIIL)I (native)   (static)
126   56     n 0       java.lang.invoke.MethodHandle::linkToSpecial(LIIL)V (native)   (static)
126   57       3       java.util.Objects::requireNonNull (15 bytes)
126   58     n 0       java.lang.invoke.MethodHandle::invokeBasic(II)L (native)   
126   59       1       java.lang.invoke.MemberName::getDeclaringClass (5 bytes)
126   60     n 0       java.lang.invoke.MethodHandle::linkToSpecial(LIIL)L (native)   (static)
126   61       3       java.lang.invoke.MethodType::checkSlotCount (33 bytes)
126   64     n 0       java.lang.invoke.MethodHandle::linkToStatic(LLIL)I (native)   (static)
126   62       3       jdk.internal.util.ReferencedKeyMap::get (10 bytes)
127   65     n 0       java.lang.invoke.MethodHandle::linkToSpecial(LLLL)V (native)   (static)
127   67     n 0       java.lang.invoke.MethodHandle::invokeBasic(LL)L (native)   
127   63       3       jdk.internal.util.ReferencedKeyMap::getNoCheckStale (22 bytes)
127   70     n 0       java.lang.invoke.MethodHandle::linkToSpecial(LLLL)L (native)   (static)
127   68       3       java.lang.invoke.MemberName::isInvocable (8 bytes)
127   69       3       java.lang.invoke.MemberName::anyFlagSet (15 bytes)
127   66       1       java.lang.invoke.MethodType::form (5 bytes)
config=base iters=129   71       3       sun.util.locale.LocaleUtils::isUpper (18 bytes)
129   72       3       java.lang.String::equals (56 bytes)
129   74       3       java.lang.StringLatin1::equals (36 bytes)
129   76       3       java.util.HashMap::putVal (300 bytes)
130   81     n 0       java.lang.invoke.MethodHandle::linkToStatic(L)L (native)   (static)
130   75       3       java.util.HashMap::hash (20 bytes)
130   77       3       java.util.HashMap::newNode (13 bytes)
130   78       3       java.util.HashMap$Node::<init> (26 bytes)
130   79       3       java.util.HashMap::afterNodeInsertion (1 bytes)
130   73       1       sun.util.locale.BaseLocale::getLanguage (5 bytes)
130   80       3       java.util.HashMap::put (13 bytes)
133   84     n 0       java.lang.invoke.MethodHandle::linkToSpecial(LLL)V (native)   (static)
133   83       3       java.util.concurrent.ConcurrentHashMap$Node::<init> (20 bytes)
134   85     n 0       java.lang.invoke.MethodHandle::invokeBasic(L)L (native)   
134   82       1       jdk.internal.util.WeakReferenceKey::hashCode (5 bytes)
134   86     n 0       java.lang.invoke.MethodHandle::linkToSpecial(LLL)L (native)   (static)
134   87       3       java.util.regex.Pattern$$Lambda/0x800000029::is (9 bytes)
134   89       3       java.util.regex.Pattern$BmpCharPropertyGreedy::match (89 bytes)
134   90       3       java.util.regex.Matcher::search (154 bytes)
135   91       3       java.util.regex.Matcher::checkMatch (19 bytes)
135  104       3       java.util.regex.Pattern$Start::match (90 bytes)
135   92       3       java.util.regex.Matcher::hasMatch (13 bytes)
136   93       3       java.util.Arrays::copyOfRange (25 bytes)
136  110       4       java.lang.String::charAt (25 bytes)
136   94       3       java.lang.String::<init> (15 bytes)
136   95       3       java.util.Arrays::copyOfRangeByte (33 bytes)
136   96       3       java.util.Arrays::checkLength (38 bytes)
136  100       3       java.lang.StringLatin1::newString (24 bytes)
136   97       3       jdk.internal.util.Preconditions::checkFromToIndex (24 bytes)
137   98       3       java.lang.String::checkBoundsBeginEnd (11 bytes)
137   99       3       java.lang.String::substring (58 bytes)
137  101       3       java.util.ArrayList::add (25 bytes)
137  102       3       java.util.ArrayList::add (23 bytes)
137  103       3       java.lang.String::toString (2 bytes)
137   51       3       java.lang.String::charAt (25 bytes)   made not entrant
137  113       4       java.util.regex.Matcher::search (154 bytes)
137  106       3       java.util.regex.Matcher::end (9 bytes)
137  105       3       java.util.regex.Matcher::start (9 bytes)
137  115       3       jdk.internal.util.ArraysSupport::signedHashCode (37 bytes)
137  108       3       java.lang.String::subSequence (7 bytes)
137  107       3       java.util.regex.Pattern$LastNode::match (45 bytes)
137  109       3       java.util.regex.Matcher::find (69 bytes)
137   88       2       java.util.regex.Pattern::lambda$Single$14 (11 bytes)
138  116       3       java.lang.StringLatin1::hashCode (52 bytes)
138  118       3       java.util.ImmutableCollections$SetN::probe (56 bytes)
138  114       3       jdk.internal.util.ArraysSupport::vectorizedHashCode (158 bytes)
138  117       3       java.lang.Math::floorMod (20 bytes)
138  119       3       java.util.regex.Pattern::has (15 bytes)
138  120       3       java.util.concurrent.ConcurrentHashMap::addCount (280 bytes)
139  121     n 0       java.lang.invoke.MethodHandle::linkToStatic(LL)L (native)   (static)
139  122       3       java.lang.Class::getClassLoader (28 bytes)
139  123       3       java.lang.invoke.MethodType::parameterType (7 bytes)
140  124       3       java.util.Objects::equals (23 bytes)
140  125   !   3       java.util.concurrent.ConcurrentHashMap::putVal (432 bytes)
141  126       3       java.lang.Math::max (11 bytes)
141  110       4       java.lang.String::charAt (25 bytes)   made not entrant
141  127       3       java.lang.StringUTF16::getChar (60 bytes)
5000 ns/iter mean=8920 ci95=+/-58 median=8777143  129       1       java.util.concurrent.locks.AbstractOwnableSynchronizer::setExclusiveOwnerThread (6 bytes)
143  130     n 0       jdk.internal.misc.Unsafe::compareAndSetInt (native)   
 min=8766 max=143  131       1       java.util.concurrent.locks.AbstractQueuedSynchronizer::getState (5 bytes)
125947143  132        events=1       java.util.concurrent.locks.AbstractOwnableSynchronizer::getExclusiveOwnerThread (5 bytes)
0143  133       1       java.util.concurrent.locks.AbstractQueuedSynchronizer::setState (6 bytes)
 sink=0
