[spike-agent] loaded (capability requested, callback installed)
48    1       3       java.lang.Object::<init> (1 bytes)
49    2     n 0       jdk.internal.misc.Unsafe::getReferenceVolatile (native)   
52    3       3       java.lang.String::coder (15 bytes)
54    4       3       java.lang.String::hashCode (60 bytes)
56    5 %     3       Bench::kernel @ 4 (50 bytes)
57    6       3       Bench::kernel (50 bytes)
57    7 %     4       Bench::kernel @ 4 (50 bytes)
60    5 %     3       Bench::kernel @ 4 (50 bytes)   made not entrant
60    8       4       Bench::kernel (50 bytes)
63    6       3       Bench::kernel (50 bytes)   made not entrant
78    9     n 0       java.lang.System::nanoTime (native)   (static)
124   10       3       java.lang.String::length (11 bytes)
126   11     n 0       java.lang.Object::hashCode (native)   
126   12     n 0       java.lang.invoke.MethodHandle::linkToStatic(LLLLLLL)L (native)   (static)
127   13     n 0       java.lang.invoke.MethodHandle::linkToStatic(IIL)I (native)   (static)
128   14     n 0       java.lang.Class::isPrimitive (native)   
128   15       3       java.util.concurrent.ConcurrentHashMap::tabAt (22 bytes)
128   17     n 0       jdk.internal.misc.Unsafe::compareAndSetLong (native)   
128   19     n 0       java.lang.invoke.MethodHandle::invokeBasic(LLLLLL)L (native)   
128   16       3       jdk.internal.misc.Unsafe::getReferenceAcquire (7 bytes)
128   20     n 0       java.lang.invoke.MethodHandle::linkToSpecial(LLLLLLLL)L (native)   (static)
128   18       3       java.util.concurrent.ConcurrentHashMap::spread (10 bytes)
128   21     n 0       java.lang.System::arraycopy (native)   (static)
129   22       3       java.lang.String::isLatin1 (19 bytes)
129   23       3       java.util.Objects::requireNonNull (14 bytes)
129   24       1       jdk.internal.util.StrongReferenceKey::get (5 bytes)
129   25     n 0       java.lang.invoke.MethodHandle::linkToSpecial(LIL)V (native)   (static)
129   26       1       java.lang.Enum::ordinal (5 bytes)
129   27     n 0       java.lang.invoke.MethodHandle::invokeBasic(I)L (native)   
129   28     n 0       java.lang.invoke.MethodHandle::linkToSpecial(LIL)L (native)   (static)
130   29     n 0       java.lang.invoke.MethodHandle::linkToStatic(IL)I (native)   (static)
130   30       1       java.lang.invoke.MethodType::returnType (5 bytes)
130   32     n 0       java.lang.invoke.MethodHandle::linkToSpecial(LL)V (native)   (static)
130   31       3       java.lang.ref.ReferenceQueue::headIsNull (13 bytes)
130   35     n 0       java.lang.invoke.MethodHandle::invokeBasic()L (native)   
130   33       3       jdk.internal.util.ReferencedKeyMap::removeStaleReferences (30 bytes)
130   36     n 0       java.lang.invoke.MethodHandle::linkToSpecial(LL)L (native)   (static)
130   37       4       java.lang.Object::<init> (1 bytes)
130   34   !   3       java.lang.ref.NativeReferenceQueue::poll (28 bytes)
131   39     n 0       jdk.internal.misc.Unsafe::compareAndSetReference (native)   
131   38       3       java.lang.invoke.MethodTypeForm::canonicalize (74 bytes)
131    1       3       java.lang.Object::<init> (1 bytes)   made not entrant
131   41     n 0       java.lang.Class::isArray (native)   
131   40       3       java.util.concurrent.ConcurrentHashMap::get (162 bytes)
131   42     n 0       java.lang.invoke.MethodHandle::linkToStatic(LLL)L (native)   (static)
131   44     n 0       java.lang.invoke.MethodHandle::linkToStatic(LLLL)L (native)   (static)
131   43       3       java.lang.invoke.MethodType::hashCode (53 bytes)
132   48     n 0       java.lang.Object::clone (native)   
132   45       3       jdk.internal.util.ReferencedKeyMap::lookupKey (9 bytes)
132   46       3       jdk.internal.util.StrongReferenceKey::<init> (10 bytes)
132   47       3       jdk.internal.util.StrongReferenceKey::hashCode (8 bytes)
133   49       3       jdk.internal.util.Preconditions::checkIndex (18 bytes)
133   50       3       java.lang.String::checkIndex (10 bytes)
133   51       3       java.lang.String::charAt (25 bytes)
133   52       3       java.lang.StringLatin1::charAt (15 bytes)
133   53       3       java.lang.Math::min (11 bytes)
134   55     n 0       java.lang.invoke.MethodHandle::linkToStatic(IIIL)I (native)   (static)
134   54       1       java.lang.invoke.MethodType::ptypes (5 bytes)
134   56     n 0       java.lang.invoke.MethodHandle::linkToSpecial(LIIL)V (native)   (static)
134   58     n 0       java.lang.invoke.MethodHandle::invokeBasic(II)L (native)   
134   57       3       java.util.Objects::requireNonNull (15 bytes)
134   60     n 0       java.lang.invoke.MethodHandle::linkToSpecial(LIIL)L (native)   (static)
135   61       3       java.lang.invoke.MethodType::checkSlotCount (33 bytes)
135   64     n 0       java.lang.invoke.MethodHandle::linkToStatic(LLIL)I (native)   (static)
135   62       3       jdk.internal.util.ReferencedKeyMap::get (10 bytes)
135   65     n 0       java.lang.invoke.MethodHandle::linkToSpecial(LLLL)V (native)   (static)
135   67     n 0       java.lang.invoke.MethodHandle::invokeBasic(LL)L (native)   
135   70     n 0       java.lang.invoke.MethodHandle::linkToSpecial(LLLL)L (native)   (static)
135   63       3       jdk.internal.util.ReferencedKeyMap::getNoCheckStale (22 bytes)
136   59       1       java.lang.invoke.MemberName::getDeclaringClass (5 bytes)
136   68       3       java.lang.invoke.MemberName::isInvocable (8 bytes)
136   69       3       java.lang.invoke.MemberName::anyFlagSet (15 bytes)
136   66       1       java.lang.invoke.MethodType::form (5 bytes)
config=loaded iters=137   71       3       sun.util.locale.LocaleUtils::isUpper (18 bytes)
137   72       3       java.lang.String::equals (56 bytes)
138   74       3       java.lang.StringLatin1::equals (36 bytes)
138   76       3       java.util.HashMap::putVal (300 bytes)
138   81     n 0       java.lang.invoke.MethodHandle::linkToStatic(L)L (native)   (static)
139   75       3       java.util.HashMap::hash (20 bytes)
139   77       3       java.util.HashMap::newNode (13 bytes)
139   78       3       java.util.HashMap$Node::<init> (26 bytes)
139   79       3       java.util.HashMap::afterNodeInsertion (1 bytes)
139   73       1       sun.util.locale.BaseLocale::getLanguage (5 bytes)
139   80       3       java.util.HashMap::put (13 bytes)
142   84     n 0       java.lang.invoke.MethodHandle::linkToSpecial(LLL)V (native)   (static)
142   83       3       java.util.concurrent.ConcurrentHashMap$Node::<init> (20 bytes)
142   85     n 0       java.lang.invoke.MethodHandle::invokeBasic(L)L (native)   
142   86     n 0       java.lang.invoke.MethodHandle::linkToSpecial(LLL)L (native)   (static)
143   82       1       jdk.internal.util.WeakReferenceKey::hashCode (5 bytes)
143   87       3       java.util.regex.Pattern$$Lambda/0x800000029::is (9 bytes)
143   89       3       java.util.regex.Pattern$BmpCharPropertyGreedy::match (89 bytes)
143   90       3       java.util.regex.Matcher::search (154 bytes)
144   88       3       java.util.regex.Pattern::lambda$Single$14 (11 bytes)
144   91       3       java.util.regex.Matcher::checkMatch (19 bytes)
144   92       3       java.util.regex.Matcher::hasMatch (13 bytes)
144   93       3       java.util.Arrays::copyOfRange (25 bytes)
144   94       3       java.lang.String::<init> (15 bytes)
144  104       3       java.util.regex.Pattern$Start::match (90 bytes)
145   95       3       java.util.Arrays::copyOfRangeByte (33 bytes)
145  110       4       java.lang.String::charAt (25 bytes)
145   96       3       java.util.Arrays::checkLength (38 bytes)
145   97       3       jdk.internal.util.Preconditions::checkFromToIndex (24 bytes)
145   98       3       java.lang.String::checkBoundsBeginEnd (11 bytes)
145   99       3       java.lang.String::substring (58 bytes)
145  100       3       java.lang.StringLatin1::newString (24 bytes)
145  101       3       java.util.ArrayList::add (25 bytes)
146  102       3       java.util.ArrayList::add (23 bytes)
146  103       3       java.lang.String::toString (2 bytes)
146  105       3       java.util.regex.Matcher::start (9 bytes)
146  108       3       java.lang.String::subSequence (7 bytes)
146   51       3       java.lang.String::charAt (25 bytes)   made not entrant
146  114       4       java.util.regex.Matcher::search (154 bytes)
146  115       3       jdk.internal.util.ArraysSupport::signedHashCode (37 bytes)
146  106       3       java.util.regex.Matcher::end (9 bytes)
146  109       3       java.util.regex.Matcher::find (69 bytes)
146  112       4       java.util.regex.Pattern$BmpCharPropertyGreedy::match (89 bytes)
146  107       3       java.util.regex.Pattern$LastNode::match (45 bytes)
146  119       3       java.util.ImmutableCollections$SetN::probe (56 bytes)
147  117       3       java.lang.StringLatin1::hashCode (52 bytes)
147  116       3       jdk.internal.util.ArraysSupport::vectorizedHashCode (158 bytes)
147  118       3       java.lang.Math::floorMod (20 bytes)
147  120       3       java.util.regex.Pattern::has (15 bytes)
148  121       3       java.util.concurrent.ConcurrentHashMap::addCount (280 bytes)
148  122     n 0       java.lang.invoke.MethodHandle::linkToStatic(LL)L (native)   (static)
148  123       3       java.lang.Class::getClassLoader (28 bytes)
149  124       3       java.lang.invoke.MethodType::parameterType (7 bytes)
149  125       3       java.util.Objects::equals (23 bytes)
149  126   !   3       java.util.concurrent.ConcurrentHashMap::putVal (432 bytes)
150  110       4       java.lang.String::charAt (25 bytes)   made not entrant
150  127       3       java.lang.StringUTF16::getChar (60 bytes)
151   89       3       java.util.regex.Pattern$BmpCharPropertyGreedy::match (89 bytes)   made not entrant
151  113       4       java.lang.String::isLatin1 (19 bytes)
151   22       3       java.lang.String::isLatin1 (19 bytes)   made not entrant
151  128       4       java.lang.StringUTF16::getChar (60 bytes)
5000 ns/iter mean=9020 ci95=+/-55 median=152  129       3       java.lang.Math::max (11 bytes)
8777152  127       3       java.lang.StringUTF16::getChar (60 bytes)   made not entrant
152  111       4       java.util.regex.Pattern$$Lambda/0x800000029::is (9 bytes)
152  130       1       java.util.concurrent.locks.AbstractOwnableSynchronizer::setExclusiveOwnerThread (6 bytes)
152  131     n 0       jdk.internal.misc.Unsafe::compareAndSetInt (native)   
 min=8776152  132       1       java.util.concurrent.locks.AbstractQueuedSynchronizer::getState (5 bytes) max=
152  134       1       java.util.concurrent.locks.AbstractQueuedSynchronizer::setState (6 bytes)
99167152  events=  87       3       java.util.regex.Pattern$$Lambda/0x800000029::is (9 bytes)   made not entrant
0152  133       1       sink= java.util.concurrent.locks.AbstractOwnableSynchronizer::getExclusiveOwnerThread (5 bytes)
0
[spike-agent] unloaded; events=0
