[spike-agent] loaded (capability requested, callback installed)
44    1       3       java.lang.Object::<init> (1 bytes)
45    2     n 0       jdk.internal.misc.Unsafe::getReferenceVolatile (native)   
47    3       3       java.lang.String::coder (15 bytes)
48    4       3       java.lang.String::hashCode (60 bytes)
51    5 %     3       Bench::kernel @ 4 (50 bytes)
51    6       3       Bench::kernel (50 bytes)
51    7 %     4       Bench::kernel @ 4 (50 bytes)
54    5 %     3       Bench::kernel @ 4 (50 bytes)   made not entrant
55    8       4       Bench::kernel (50 bytes)
57    6       3       Bench::kernel (50 bytes)   made not entrant
105219    9       3       java.lang.String::length (11 bytes)
105222   10       3       java.util.DualPivotQuicksort::sort (970 bytes)
105224   12     n 0       java.lang.Object::hashCode (native)   
105224   11       3       java.util.DualPivotQuicksort::mixedInsertionSort (427 bytes)
105224   13     n 0       java.lang.invoke.MethodHandle::linkToStatic(LLLLLLL)L (native)   (static)
105225   14     n 0       java.lang.invoke.MethodHandle::linkToStatic(IIL)I (native)   (static)
105226   15     n 0       java.lang.Class::isPrimitive (native)   
105226   16       3       java.util.concurrent.ConcurrentHashMap::tabAt (22 bytes)
105226   18     n 0       jdk.internal.misc.Unsafe::compareAndSetLong (native)   
105226   20     n 0       java.lang.invoke.MethodHandle::invokeBasic(LLLLLL)L (native)   
105226   17       3       jdk.internal.misc.Unsafe::getReferenceAcquire (7 bytes)
105226   21     n 0       java.lang.invoke.MethodHandle::linkToSpecial(LLLLLLLL)L (native)   (static)
105226   19       3       java.util.concurrent.ConcurrentHashMap::spread (10 bytes)
105227   22     n 0       java.lang.System::arraycopy (native)   (static)
105227   23       3       java.lang.String::isLatin1 (19 bytes)
105227   24       3       java.util.Objects::requireNonNull (14 bytes)
105227   25       1       jdk.internal.util.StrongReferenceKey::get (5 bytes)
105227   26     n 0       java.lang.invoke.MethodHandle::linkToSpecial(LIL)V (native)   (static)
105227   27       1       java.lang.Enum::ordinal (5 bytes)
105228   28     n 0       java.lang.invoke.MethodHandle::invokeBasic(I)L (native)   
105228   29     n 0       java.lang.invoke.MethodHandle::linkToSpecial(LIL)L (native)   (static)
105228   30     n 0       java.lang.invoke.MethodHandle::linkToStatic(IL)I (native)   (static)
105228   31       1       java.lang.invoke.MethodType::returnType (5 bytes)
105228   33     n 0       java.lang.invoke.MethodHandle::linkToSpecial(LL)V (native)   (static)
105228   32       3       java.lang.ref.ReferenceQueue::headIsNull (13 bytes)
105228   34       3       jdk.internal.util.ReferencedKeyMap::removeStaleReferences (30 bytes)
105229   36     n 0       java.lang.invoke.MethodHandle::invokeBasic()L (native)   
105229   37     n 0       java.lang.invoke.MethodHandle::linkToSpecial(LL)L (native)   (static)
105229   35   !   3       java.lang.ref.NativeReferenceQueue::poll (28 bytes)
105229   38       4       java.lang.Object::<init> (1 bytes)
105229   39       3       java.lang.invoke.MethodTypeForm::canonicalize (74 bytes)
105229   40     n 0       jdk.internal.misc.Unsafe::compareAndSetReference (native)   
105229   42     n 0       java.lang.Class::isArray (native)   
105229   41       3       java.util.concurrent.ConcurrentHashMap::get (162 bytes)
105230    1       3       java.lang.Object::<init> (1 bytes)   made not entrant
105230   43     n 0       java.lang.invoke.MethodHandle::linkToStatic(LLL)L (native)   (static)
105230   45     n 0       java.lang.invoke.MethodHandle::linkToStatic(LLLL)L (native)   (static)
105230   44       3       java.lang.invoke.MethodType::hashCode (53 bytes)
105230   49     n 0       java.lang.Object::clone (native)   
105230   46       3       jdk.internal.util.ReferencedKeyMap::lookupKey (9 bytes)
105230   47       3       jdk.internal.util.StrongReferenceKey::<init> (10 bytes)
105231   48       3       jdk.internal.util.StrongReferenceKey::hashCode (8 bytes)
105231   50       3       jdk.internal.util.Preconditions::checkIndex (18 bytes)
105232   51       3       java.lang.String::checkIndex (10 bytes)
105232   52       3       java.lang.String::charAt (25 bytes)
105232   53       3       java.lang.StringLatin1::charAt (15 bytes)
105232   54       3       java.lang.Math::min (11 bytes)
105233   55       1       java.lang.invoke.MethodType::ptypes (5 bytes)
105233   56     n 0       java.lang.invoke.MethodHandle::linkToStatic(IIIL)I (native)   (static)
105233   57     n 0       java.lang.invoke.MethodHandle::linkToSpecial(LIIL)V (native)   (static)
105233   58       3       java.util.Objects::requireNonNull (15 bytes)
105233   59     n 0       java.lang.invoke.MethodHandle::invokeBasic(II)L (native)   
105233   60       1       java.lang.invoke.MemberName::getDeclaringClass (5 bytes)
105233   61     n 0       java.lang.invoke.MethodHandle::linkToSpecial(LIIL)L (native)   (static)
105233   62       3       java.lang.invoke.MethodType::checkSlotCount (33 bytes)
105234   65     n 0       java.lang.invoke.MethodHandle::linkToStatic(LLIL)I (native)   (static)
105234   63       3       jdk.internal.util.ReferencedKeyMap::get (10 bytes)
105234   66     n 0       java.lang.invoke.MethodHandle::linkToSpecial(LLLL)V (native)   (static)
105234   68     n 0       java.lang.invoke.MethodHandle::invokeBasic(LL)L (native)   
105234   64       3       jdk.internal.util.ReferencedKeyMap::getNoCheckStale (22 bytes)
105234   71     n 0       java.lang.invoke.MethodHandle::linkToSpecial(LLLL)L (native)   (static)
105234   69       3       java.lang.invoke.MemberName::isInvocable (8 bytes)
105234   70       3       java.lang.invoke.MemberName::anyFlagSet (15 bytes)
105234   67       1       java.lang.invoke.MethodType::form (5 bytes)
config=always iters=105236   72       3       sun.util.locale.LocaleUtils::isUpper (18 bytes)
105236   73       3       java.lang.String::equals (56 bytes)
105237   75       3       java.lang.StringLatin1::equals (36 bytes)
105237   77       3       java.util.HashMap::putVal (300 bytes)
105237   82     n 0       java.lang.invoke.MethodHandle::linkToStatic(L)L (native)   (static)
105237   74       1       sun.util.locale.BaseLocale::getLanguage (5 bytes)
105238   76       3       java.util.HashMap::hash (20 bytes)
105238   78       3       java.util.HashMap::newNode (13 bytes)
105238   79       3       java.util.HashMap$Node::<init> (26 bytes)
105238   80       3       java.util.HashMap::afterNodeInsertion (1 bytes)
105238   81       3       java.util.HashMap::put (13 bytes)
105241   85     n 0       java.lang.invoke.MethodHandle::linkToSpecial(LLL)V (native)   (static)
105241   86     n 0       java.lang.invoke.MethodHandle::invokeBasic(L)L (native)   
105241   84       3       java.util.concurrent.ConcurrentHashMap$Node::<init> (20 bytes)
105242   87     n 0       java.lang.invoke.MethodHandle::linkToSpecial(LLL)L (native)   (static)
105242   83       1       jdk.internal.util.WeakReferenceKey::hashCode (5 bytes)
105242   90       3       java.util.regex.Pattern$BmpCharPropertyGreedy::match (89 bytes)
105243   88       3       java.util.regex.Pattern$$Lambda/0x800000029::is (9 bytes)
105243   89       3       java.util.regex.Pattern::lambda$Single$14 (11 bytes)
105243   94       3       java.util.regex.Matcher::search (154 bytes)
105243  105       3       java.util.regex.Pattern$Start::match (90 bytes)
105244   92       3       java.util.regex.Matcher::hasMatch (13 bytes)
105244   91       3       java.util.regex.Matcher::checkMatch (19 bytes)
105244  111       4       java.lang.String::charAt (25 bytes)
105244   93       3       java.util.Arrays::copyOfRange (25 bytes)
105244   95       3       java.lang.String::<init> (15 bytes)
105244   96       3       java.util.Arrays::copyOfRangeByte (33 bytes)
105245   97       3       java.util.Arrays::checkLength (38 bytes)
105245   98       3       jdk.internal.util.Preconditions::checkFromToIndex (24 bytes)
105245   99       3       java.lang.String::checkBoundsBeginEnd (11 bytes)
105245  100       3       java.lang.String::substring (58 bytes)
105245  101       3       java.lang.StringLatin1::newString (24 bytes)
105245  102       3       java.util.ArrayList::add (25 bytes)
105246   52       3       java.lang.String::charAt (25 bytes)   made not entrant
105246  117       3       jdk.internal.util.ArraysSupport::signedHashCode (37 bytes)
105246  103       3       java.util.ArrayList::add (23 bytes)
105246  104       3       java.lang.String::toString (2 bytes)
105246  109       3       java.lang.String::subSequence (7 bytes)
105246  115       4       java.util.regex.Matcher::search (154 bytes)
105246  106       3       java.util.regex.Matcher::start (9 bytes)
105246  113       4       java.util.regex.Pattern$BmpCharPropertyGreedy::match (89 bytes)
105246  120       3       java.util.ImmutableCollections$SetN::probe (56 bytes)
105246  107       3       java.util.regex.Matcher::end (9 bytes)
105246  108       3       java.util.regex.Pattern$LastNode::match (45 bytes)
105246  110       3       java.util.regex.Matcher::find (69 bytes)
105246  118       3       java.lang.StringLatin1::hashCode (52 bytes)
105246  116       3       jdk.internal.util.ArraysSupport::vectorizedHashCode (158 bytes)
105247  119       3       java.lang.Math::floorMod (20 bytes)
105247  121       3       java.util.regex.Pattern::has (15 bytes)
105247  122       3       java.util.concurrent.ConcurrentHashMap::addCount (280 bytes)
105247  123     n 0       java.lang.invoke.MethodHandle::linkToStatic(LL)L (native)   (static)
105248  124       3       java.lang.Class::getClassLoader (28 bytes)
105248  125       3       java.lang.invoke.MethodType::parameterType (7 bytes)
105249  127   !   3       java.util.concurrent.ConcurrentHashMap::putVal (432 bytes)
105249  126       3       java.util.Objects::equals (23 bytes)
105250  111       4       java.lang.String::charAt (25 bytes)   made not entrant
105250  128       3       java.lang.StringUTF16::getChar (60 bytes)
105251   90       3       java.util.regex.Pattern$BmpCharPropertyGreedy::match (89 bytes)   made not entrant
105251  114       4       java.lang.String::isLatin1 (19 bytes)
5000 ns/iter mean=105251   23       3       java.lang.String::isLatin1 (19 bytes)   made not entrant
105251  129       4       java.lang.StringUTF16::getChar (60 bytes)
21026624 ci95=+/-21017 median=105251  130       3       java.lang.Math::max (11 bytes)
21014591105251  131       1       java.util.concurrent.locks.AbstractOwnableSynchronizer::setExclusiveOwnerThread (6 bytes)
105251  132     n 0       jdk.internal.misc.Unsafe::compareAndSetInt (native)   
 min=105252  134       3      20035267 java.lang.String::charAt (25 bytes)
105252  136       1       max= java.util.concurrent.locks.AbstractQueuedSynchronizer::getState (5 bytes)
105252 61343864 135       3       java.lang.AbstractStringBuilder::isLatin1 (19 bytes)
 events=105252  133       3       java.lang.AbstractStringBuilder::ensureCapacityInternal (39 bytes)675990058
 sink=105252  128       3       java.lang.StringUTF16::getChar (60 bytes)   made not entrant
0105252 
 112       4       java.util.regex.Pattern$$Lambda/0x800000029::is (9 bytes)
105252  137       1       java.util.concurrent.locks.AbstractOwnableSynchronizer::getExclusiveOwnerThread (5 bytes)
105252  138       1       java.util.concurrent.locks.AbstractQueuedSynchronizer::setState (6 bytes)
105252   88       3       java.util.regex.Pattern$$Lambda/0x800000029::is (9 bytes)   made not entrant
[spike-agent] unloaded; events=675990250
